<a href="unsupported/relative/url" title="Title" target="_blank" data-external="true">Label</a>