<a href="ftp://google.com" title="Title" target="_blank" data-external="true">Label</a>